// Jest Snapshot v1, https://goo.gl/fbAQLP

exports[`<FilterDrawerComponent /> should render with required props 1`] = `[Function]`;

exports[`<FilterDrawerComponent /> should render with required props 2`] = `[Function]`;

exports[`<FilterDrawerComponent /> should render with required props and show drawer false 1`] = `[Function]`;

exports[`<FilterDrawerComponent /> should render with required props and show drawer true 1`] = `[Function]`;
